alsa-firmware
alsa-utils
arc-gtk-theme
arc-icon-theme
atom
atool
autoconf
automake
b43-fwcutter
binutils
bison
ccache
compton
cups
cups-filters
cups-pdf
dunst
elementary-icon-theme
fakeroot
ffmpeg
file-roller
flex
gcc
ghostscript
git
gnome-disk-utility
gnome-keyring
gnome-themes-extra
gparted
groff
grub
gsfonts
gsimplecal
gst-libav
gst-plugins-base
gst-plugins-good
gstreamer
gtk-engine-murrine
gtk-engines
gvfs
gvfs-afc
gvfs-mtp
gvfs-nfs
highlight
htop
i3-gaps
i3lock
i3status
imlib2
intel-ucode
leafpad
libmad
libmatroska
libtool
lightdm
lightdm-gtk-greeter
lightdm-gtk-greeter-settings
lxappearance
m4
make
mediainfo
mesa
neofetch
network-manager-applet
networkmanager
nitrogen
nm-connection-editor
ntfs-3g
numlockx
p7zip
pamixer
papirus-icon-theme
patch
pavucontrol
perl-common-sense
pkgconf
polkit-gnome
pulseaudio
pulseaudio-alsa
ranger
reflector
rofi
rsync
rxvt-unicode
scrot
sudo
system-config-printer
systemd
termite
thunar
thunar-archive-plugin
thunar-media-tags-plugin
thunar-volman
ttf-dejavu
ttf-font-awesome
ttf-liberation
ttf-roboto
tumbler
unrar
unzip
viewnior
volumeicon
w3m
wmctrl
xdg-user-dirs
xdotool
xf86-input-evdev
xf86-input-keyboard
xf86-input-libinput
xf86-input-mouse
xf86-input-synaptics
xf86-input-vmmouse
xf86-input-void
xf86-video-amdgpu
xf86-video-ati
xf86-video-dummy
xf86-video-fbdev
xf86-video-intel
xf86-video-nouveau
xf86-video-openchrome
xf86-video-qxl
xf86-video-vesa
xf86-video-vmware
xf86-video-voodoo
xfce4-power-manager
xorg-bdftopcf
xorg-docs
xorg-font-util
xorg-fonts-100dpi
xorg-fonts-75dpi
xorg-iceauth
xorg-luit
xorg-mkfontdir
xorg-mkfontscale
xorg-server
xorg-server-devel
xorg-server-xdmx
xorg-server-xephyr
xorg-server-xnest
xorg-server-xvfb
xorg-server-xwayland
xorg-sessreg
xorg-setxkbmap
xorg-smproxy
xorg-twm
xorg-x11perf
xorg-xauth
xorg-xbacklight
xorg-xcmsdb
xorg-xcursorgen
xorg-xdpyinfo
xorg-xdriinfo
xorg-xev
xorg-xgamma
xorg-xhost
xorg-xinit
xorg-xinput
xorg-xkbcomp
xorg-xkbevd
xorg-xkbutils
xorg-xkill
xorg-xlsatoms
xorg-xlsclients
xorg-xmodmap
xorg-xpr
xorg-xprop
xorg-xrandr
xorg-xrdb
xorg-xrefresh
xorg-xset
xorg-xsetroot
xorg-xvinfo
xorg-xwd
xorg-xwininfo
xorg-xwud
xsel
xterm
zenity
zip
